// Jest Snapshot v1, https://goo.gl/fbAQLP

exports[`Homepage snapshot Homepage snapshot test 1`] = `
<div
  className="Home"
>
  <div>
    <div
      className="ant-row"
      style={
        Object {
          "marginBottom": 8,
          "marginLeft": -8,
          "marginRight": -8,
          "marginTop": -8,
        }
      }
    >
      <div
        className="ant-col ant-col-24"
        style={
          Object {
            "paddingBottom": 8,
            "paddingLeft": 8,
            "paddingRight": 8,
            "paddingTop": 8,
          }
        }
      >
        <div
          className="ant-page-header site-page-header ant-page-header-ghost"
        >
          <div
            className="ant-page-header-heading"
          >
            <div
              className="ant-page-header-heading-left"
            >
              <span
                className="ant-page-header-heading-title"
                title="Home"
              >
                Home
              </span>
              <span
                className="ant-page-header-heading-sub-title"
                title="Home page"
              >
                Home page
              </span>
            </div>
          </div>
        </div>
      </div>
    </div>
  </div>
  <p>
    This is home page
  </p>
</div>
`;
